21:20:16 **** Incremental Build of configuration Debug for project USB_Device ****
make -j8 all 
arm-none-eabi-gcc "../Src/usbd_framework.c" -mcpu=cortex-m4 -std=gnu11 -g3 -DDEBUG -DSTM32F429I_DISC1 -DSTM32 -DSTM32F429ZITx -DSTM32F4 -DSTM32F429xx -c -I../Inc -I"C:/Users/IsaiahOdunze/STM32CubeIDE/USB_Guide/USB_Device/Inc/CMSIS/Include" -I"C:/Users/IsaiahOdunze/STM32CubeIDE/USB_Guide/USB_Device/Inc/CMSIS/Device/ST/STM32F4xx/Include" -O0 -ffunction-sections -fdata-sections -Wall -fstack-usage -MMD -MP -MF"Src/usbd_framework.d" -MT"Src/usbd_framework.o" --specs=nano.specs -mfpu=fpv4-sp-d16 -mfloat-abi=hard -mthumb -o "Src/usbd_framework.o"
arm-none-eabi-gcc -o "USB_Device.elf" @"objects.list"   -mcpu=cortex-m4 -T"C:\Users\IsaiahOdunze\STM32CubeIDE\USB_Guide\USB_Device\STM32F429ZITX_FLASH.ld" --specs=nosys.specs -Wl,-Map="USB_Device.map" -Wl,--gc-sections -static --specs=nano.specs -mfpu=fpv4-sp-d16 -mfloat-abi=hard -mthumb -Wl,--start-group -lc -lm -Wl,--end-group
Finished building target: USB_Device.elf
 
arm-none-eabi-size   USB_Device.elf 
arm-none-eabi-objdump -h -S  USB_Device.elf  > "USB_Device.list"
   text	   data	    bss	    dec	    hex	filename
   8048	    136	   1640	   9824	   2660	USB_Device.elf
Finished building: default.size.stdout
 
Finished building: USB_Device.list
 

21:20:17 Build Finished. 0 errors, 0 warnings. (took 680ms)

