../Inc/usbd_driver.h:23:43:IN_ENDPOINT	16	static
../Inc/usbd_driver.h:30:44:OUT_ENDPOINT	16	static
../Inc/usbd_driver.h:35:30:FIFO	16	static
../Src/usbd_driver.c:9:13:initialize_gpio_pins	4	static
../Src/usbd_driver.c:26:13:initialize_core	4	static
../Src/usbd_driver.c:65:13:set_device_address	16	static
../Src/usbd_driver.c:74:13:connect	4	static
../Src/usbd_driver.c:85:13:disconnect	4	static
../Src/usbd_driver.c:95:13:flush_rxfifo	4	static
../Src/usbd_driver.c:101:13:refresh_fifo_start_addresses	16	static
../Src/usbd_driver.c:128:13:configure_rxfifo_size	16	static
../Src/usbd_driver.c:146:13:configure_txfifo_size	16	static
../Src/usbd_driver.c:167:13:read_packet	32	static
../Src/usbd_driver.c:198:13:write_packet	24	static
../Src/usbd_driver.c:227:13:flush_txfifo	16	static
../Src/usbd_driver.c:235:13:configure_endpoint0	24	static
../Src/usbd_driver.c:255:13:configure_in_endpoint	24	static
../Src/usbd_driver.c:271:13:deconfigure_endpoint	24	static
../Src/usbd_driver.c:310:13:usbrst_handler	16	static
../Src/usbd_driver.c:323:13:enumdne_handler	8	static
../Src/usbd_driver.c:329:13:rxflvl_handler	24	static
../Src/usbd_driver.c:365:13:gintsts_handler	16	static
